// Jest Snapshot v1, https://goo.gl/fbAQLP

exports[`URL instance 1`] = `
Url {
  "hash": "",
  "host": "ianwalter.dev",
  "hostname": "ianwalter.dev",
  "href": "https://ianwalter.dev/",
  "origin": "https://ianwalter.dev",
  "password": "",
  "pathname": "/",
  "port": "",
  "protocol": "https:",
  "search": Object {},
  "toString": [Function],
  "username": "",
}
`;

exports[`simple url 1`] = `"{\\"hash\\":\\"\\",\\"host\\":\\"ianwalter.dev\\",\\"hostname\\":\\"ianwalter.dev\\",\\"href\\":\\"https://ianwalter.dev/\\",\\"origin\\":\\"https://ianwalter.dev\\",\\"password\\":\\"\\",\\"pathname\\":\\"/\\",\\"port\\":\\"\\",\\"protocol\\":\\"https:\\",\\"username\\":\\"\\",\\"search\\":{}}"`;

exports[`url with query 1`] = `"{\\"hash\\":\\"\\",\\"host\\":\\"ianwalter.dev\\",\\"hostname\\":\\"ianwalter.dev\\",\\"href\\":\\"https://ianwalter.dev/search?query=MacBook&page=1\\",\\"origin\\":\\"https://ianwalter.dev\\",\\"password\\":\\"\\",\\"pathname\\":\\"/search\\",\\"port\\":\\"\\",\\"protocol\\":\\"https:\\",\\"username\\":\\"\\",\\"search\\":{\\"query\\":\\"MacBook\\",\\"page\\":\\"1\\"}}"`;
